{"synthetic": false,
 "schemaVersion": "2025-09-10",
 "outputs":
 {"o": ["ca0d665394a7a0fa.olean"],
  "m": false,
  "i": "27fd47b03a849077.ilean",
  "c": "e9f8e8117ca7b7fb.c"},
 "log":
 [{"message":
   ".> LEAN_PATH=/home/runner/work/awards/awards/submissions/jsp-000465-connected/lean/.lake/packages/Cli/.lake/build/lib/lean:/home/runner/work/awards/awards/submissions/jsp-000465-connected/lean/.lake/packages/batteries/.lake/build/lib/lean:/home/runner/work/awards/awards/submissions/jsp-000465-connected/lean/.lake/packages/Qq/.lake/build/lib/lean:/home/runner/work/awards/awards/submissions/jsp-000465-connected/lean/.lake/packages/aesop/.lake/build/lib/lean:/home/runner/work/awards/awards/submissions/jsp-000465-connected/lean/.lake/packages/proofwidgets/.lake/build/lib/lean:/home/runner/work/awards/awards/submissions/jsp-000465-connected/lean/.lake/packages/importGraph/.lake/build/lib/lean:/home/runner/work/awards/awards/submissions/jsp-000465-connected/lean/.lake/packages/LeanSearchClient/.lake/build/lib/lean:/home/runner/work/awards/awards/submissions/jsp-000465-connected/lean/.lake/packages/plausible/.lake/build/lib/lean:/home/runner/work/awards/awards/submissions/jsp-000465-connected/lean/.lake/packages/mathlib/.lake/build/lib/lean:/home/runner/work/awards/awards/submissions/jsp-000465-connected/lean/.lake/build/lib/lean /home/runner/.elan/toolchains/leanprover--lean4---v4.32.0/bin/lean /home/runner/work/awards/awards/submissions/jsp-000465-connected/lean/CompactnessAndDegeneracy.lean -o /home/runner/work/awards/awards/submissions/jsp-000465-connected/lean/.lake/build/lib/lean/CompactnessAndDegeneracy.olean -i /home/runner/work/awards/awards/submissions/jsp-000465-connected/lean/.lake/build/lib/lean/CompactnessAndDegeneracy.ilean -c /home/runner/work/awards/awards/submissions/jsp-000465-connected/lean/.lake/build/ir/CompactnessAndDegeneracy.c --setup /home/runner/work/awards/awards/submissions/jsp-000465-connected/lean/.lake/build/ir/CompactnessAndDegeneracy.setup.json --json",
   "level": "trace"}],
 "inputs":
 [["CompactnessAndDegeneracy:deps",
   [["deps",
     [["jsp000465_connected/CompactnessAndDegeneracy:extraDep",
       [["@jsp000465_connected:extraDep", "00000000000006bb"]]],
      ["imports",
       [["Mathlib transitive imports (legacy)", "693e25ff4498b2e4"],
        ["Mathlib:importAllArts", "f90ecd83c52e54ec"]]]]],
    ["libs",
     [["import dynlibs", "00000000000006bb"],
      ["package external libraries", "00000000000006bb"],
      ["module dynlibs", "00000000000006bb"],
      ["module plugins", "00000000000006bb"]]]]],
  ["Lean 4.32.0, commit 8c9756b28d64dab099da31a4c09229a9e6a2ef35",
   "5d4a267a1ba5cafb"],
  ["/home/runner/work/awards/awards/submissions/jsp-000465-connected/lean/CompactnessAndDegeneracy.lean",
   "4781f3bd32b4cb1b"],
  ["options", "00000000000006bb"],
  ["isModule: false", "feefd2a0d3a1847e"],
  ["Module.name: CompactnessAndDegeneracy", "062b9d43ddbf0b89"],
  ["Package.id?: (some jsp000465_connected)", "94aad581a37413f3"],
  ["Module.leanArgs: #[]", "00000000000006bb"]],
 "depHash": "f3af6ab71230849f"}